sp0a20_yuv_Sensor.c:1430:8:SP0A20Close	0	static
sp0a20_yuv_Sensor.c:1544:8:SP0A20GetResolution	0	static
sp0a20_yuv_Sensor.c:1557:8:SP0A20GetInfo	0	static
sp0a20_yuv_Sensor.c:1616:8:SP0A20Control	48	static
sp0a20_yuv_Sensor.c:452:13:SP0A20_awb_enable	80	static
sp0a20_yuv_Sensor.c:2189:8:SP0A20_GetSensorID	96	static
sp0a20_yuv_Sensor.c:2176:8:SP0A20_ReadShutter	64	static
sp0a20_yuv_Sensor.c:106:12:SP0A20_write_cmos_sensor	48	static
sp0a20_yuv_Sensor.c:533:13:SP0A20_night_mode.part.0	112	static
sp0a20_yuv_Sensor.c:533:13:SP0A20_night_mode	16	static
sp0a20_yuv_Sensor.c:1634:6:SP0A20_set_param_wb.part.1	80	static
sp0a20_yuv_Sensor.c:115:12:SP0A20_read_cmos_sensor	48	static
sp0a20_yuv_Sensor.c:358:6:SP0A20_Set_Shutter	0	static
sp0a20_yuv_Sensor.c:379:12:SP0A20_Read_Shutter	64	static
sp0a20_yuv_Sensor.c:410:6:SP0A20_write_reg	48	static
sp0a20_yuv_Sensor.c:432:12:SP0A20_read_reg	48	static
sp0a20_yuv_Sensor.c:490:6:SP0A20_config_window	0	static
sp0a20_yuv_Sensor.c:511:12:SP0A20_SetGain	0	static
sp0a20_yuv_Sensor.c:844:6:SP0A20_Sensor_Init	128	static
sp0a20_yuv_Sensor.c:1320:8:SP0A20Open	96	static
sp0a20_yuv_Sensor.c:1221:8:SP0A20GetSensorID	112	static
sp0a20_yuv_Sensor.c:1298:6:SP0A20_Write_More_Registers	0	static
sp0a20_yuv_Sensor.c:1453:8:SP0A20Preview	0	static
sp0a20_yuv_Sensor.c:1498:8:SP0A20Capture	0	static
sp0a20_yuv_Sensor.c:1634:6:SP0A20_set_param_wb	16	static
sp0a20_yuv_Sensor.c:1751:6:SP0A20_set_param_effect	64	static
sp0a20_yuv_Sensor.c:1822:6:SP0A20_set_param_banding	32	static
sp0a20_yuv_Sensor.c:1845:6:SP0A20_set_param_exposure	48	static
sp0a20_yuv_Sensor.c:1906:8:SP0A20YUVSetVideoMode	16	static
sp0a20_yuv_Sensor.c:1934:12:SP0A20SetTestPatternMode	112	static
sp0a20_yuv_Sensor.c:2011:8:SP0A20YUVSensorSetting	32	static
sp0a20_yuv_Sensor.c:2054:8:SP0A20FeatureControl	64	static
sp0a20_yuv_Sensor.c:2227:8:SP0A20_YUV_SensorInit	0	static
