kd_sensorlist.c:3963:12:CAMERA_HW_Release	0	static
kd_sensorlist.c:4150:12:CAMERA_HW_Open2	0	static
kd_sensorlist.c:4170:12:CAMERA_HW_Release2	0	static
kd_sensorlist.c:4373:12:CAMERA_HW_suspend	0	static
kd_sensorlist.c:4382:12:CAMERA_HW_resume	0	static
kd_sensorlist.c:4404:12:CAMERA_HW_suspend2	0	static
kd_sensorlist.c:4413:12:CAMERA_HW_resume2	0	static
kd_sensorlist.c:4592:17:CAMERA_HW_DumpReg_To_Proc	0	static
kd_sensorlist.c:4596:17:CAMERA_HW_DumpReg_To_Proc2	0	static
kd_sensorlist.c:4601:17:CAMERA_HW_DumpReg_To_Proc3	0	static
kd_sensorlist.c:1100:1:kd_MultiSensorGetInfo	64	static
kd_sensorlist.c:1132:1:kd_MultiSensorGetResolution	48	static
kd_sensorlist.c:3909:5:mmsys_clk_change_cb	32	static
kd_sensorlist.c:1162:1:kd_MultiSensorFeatureControl	80	static
kd_sensorlist.c:1222:1:kd_MultiSensorControl	96	static
kd_sensorlist.c:1299:1:kd_MultiSensorClose	96	static
kd_sensorlist.c:864:1:kd_MultiSensorOpen	144	static
kd_sensorlist.c:4106:12:CAMERA_HW_i2c_remove	32	static
kd_sensorlist.c:4312:12:CAMERA_HW_i2c_remove2	32	static
kd_sensorlist.c:4274:12:CAMERA_HW_i2c_probe2	48	static
kd_sensorlist.c:3934:12:CAMERA_HW_Open	32	static
kd_sensorlist.c:3630:13:CAMERA_HW_Ioctl_Compat	112	static
kd_sensorlist.c:4398:12:CAMERA_HW_remove2	16	static
kd_sensorlist.c:4364:12:CAMERA_HW_remove	16	static
kd_sensorlist.c:4390:12:CAMERA_HW_probe2	16	static
kd_sensorlist.c:4347:12:CAMERA_HW_probe	48	static
kd_sensorlist.c:4774:16:yuvcamera_show_value	32	static
kd_sensorlist.c:4756:12:proc_camera_info_open	16	static
kd_sensorlist.c:4749:12:subsys_camera_info_read	48	static
kd_sensorlist.c:4669:17:CAMERA_HW_Reg_Debug3	144	static
kd_sensorlist.c:4640:17:CAMERA_HW_Reg_Debug2	128	static
kd_sensorlist.c:4610:17:CAMERA_HW_Reg_Debug	128	static
kd_sensorlist.c:4978:20:CAMERA_HW_i2C_exit	32	static
kd_sensorlist.c:4837:19:CAMERA_HW_i2C_init	48	static
kd_sensorlist.c:168:13:KD_IMGSENSOR_PROFILE_INIT	16	static
kd_sensorlist.c:176:13:KD_IMGSENSOR_PROFILE	64	static
kd_sensorlist.c:282:8:kdGetSensorInitFuncList	16	static
kd_sensorlist.c:297:5:iMultiReadReg	96	static
kd_sensorlist.c:346:5:iReadReg	80	static
kd_sensorlist.c:408:5:iReadRegI2C	80	static
kd_sensorlist.c:467:5:iWriteReg	112	static
kd_sensorlist.c:532:5:SP0A20_iReadRegI2C	80	static
kd_sensorlist.c:587:5:SP0A20_iWriteRegI2C	64	static
kd_sensorlist.c:630:5:kdSetI2CBusNum	32	static
kd_sensorlist.c:644:6:kdSetI2CSpeed	48	static
kd_sensorlist.c:662:5:kdReleaseI2CTriggerLock	0	static
kd_sensorlist.c:678:5:iBurstWriteReg_multi	144	static
kd_sensorlist.c:772:5:iBurstWriteReg	16	static
kd_sensorlist.c:781:5:iMultiWriteReg	32	static
kd_sensorlist.c:806:5:iWriteRegI2C	64	static
kd_sensorlist.c:852:1:kdSetI2CSlaveID	80	static
kd_sensorlist.c:1387:1:kdModulePowerOn	64	static
kd_sensorlist.c:1412:5:kdSetDriver	128	static
kd_sensorlist.c:1497:5:kdSetCurrentSensorIdx	0	static
kd_sensorlist.c:1506:1:kdGetSocketPostion	32	static
kd_sensorlist.c:1527:5:kdSetSensorSyncFlag	48	static
kd_sensorlist.c:1543:5:kdCheckSensorPowerOn	0	static
kd_sensorlist.c:1557:5:kdSensorSyncFunctionPtr	64	static
kd_sensorlist.c:1601:5:kdGetRawGainInfoPtr	32	static
kd_sensorlist.c:1626:5:kdSetExpGain	80	static
kd_sensorlist.c:1659:5:kdSensorSetExpGainWaitDone	112	static
kd_sensorlist.c:3779:13:CAMERA_HW_Ioctl	448	static
kd_sensorlist.c:3272:6:Get_Cam_Regulator	48	static
kd_sensorlist.c:4066:12:CAMERA_HW_i2c_probe	64	static
kd_sensorlist.c:3334:6:_hwPowerOn	48	static
kd_sensorlist.c:3397:6:_hwPowerDown	32	static
